// Jest Snapshot v1, https://goo.gl/fbAQLP

exports[`Pruebas en <CounterApp /> Debe mostrar <CounterApp /> correctamente 1`] = `
<Fragment>
  <h1>
    CounterApp
  </h1>
  <h2>
    Counter = 
    10
  </h2>
  <button
    className="btn blue"
    onClick={[Function]}
  >
    Remove
  </button>
  <button
    className="btn red"
    onClick={[Function]}
  >
    Reset
  </button>
  <button
    className="btn green"
    onClick={[Function]}
  >
    Add
  </button>
</Fragment>
`;
